// Jest Snapshot v1, https://goo.gl/fbAQLP

exports[`Nav component should match snapshot 1`] = `
<nav
  aria-label="Main"
  class="sc-bczRLJ fjQfyL"
  id="menu"
  open=""
>
  <a
    class="sc-dkzDqf dkpeqK"
    href="/"
  >
    <div
      class="gatsby-image-wrapper gatsby-image-wrapper-constrained"
      data-gatsby-image-wrapper=""
      style="position: relative; overflow: hidden; display: inline-block; vertical-align: top; border-radius: 100%;"
    >
      <div
        style="max-width: 250px; display: block;"
      >
        <img
          alt=""
          aria-hidden="true"
          role="presentation"
          src="data:image/svg+xml;charset=utf-8,%3Csvg height='250' width='250' xmlns='http://www.w3.org/2000/svg' version='1.1'%3E%3C/svg%3E"
          style="max-width: 100%; display: block; position: static;"
        />
      </div>
      <div
        aria-hidden="true"
        data-placeholder-image=""
        style="height: 100%; left: 0px; position: absolute; top: 0px; width: 100%;"
      />
      <picture>
        <source
          data-srcset="/static/55955cd5db9ac5b9496eb4fb43c87585/74c72/upful-gold-frame-logo.webp 63w,/static/55955cd5db9ac5b9496eb4fb43c87585/d66e1/upful-gold-frame-logo.webp 125w,/static/55955cd5db9ac5b9496eb4fb43c87585/e7160/upful-gold-frame-logo.webp 250w,/static/55955cd5db9ac5b9496eb4fb43c87585/5f169/upful-gold-frame-logo.webp 500w"
          sizes="(min-width: 250px) 250px, 100vw"
          type="image/webp"
        />
        <img
          alt="logo"
          data-gatsby-image-ssr=""
          data-main-image=""
          data-src="/static/55955cd5db9ac5b9496eb4fb43c87585/de391/upful-gold-frame-logo.png"
          data-srcset="/static/55955cd5db9ac5b9496eb4fb43c87585/6a639/upful-gold-frame-logo.png 63w,/static/55955cd5db9ac5b9496eb4fb43c87585/2fd20/upful-gold-frame-logo.png 125w,/static/55955cd5db9ac5b9496eb4fb43c87585/de391/upful-gold-frame-logo.png 250w,/static/55955cd5db9ac5b9496eb4fb43c87585/82c11/upful-gold-frame-logo.png 500w"
          decoding="async"
          loading="lazy"
          sizes="(min-width: 250px) 250px, 100vw"
          style="height: 100%; left: 0px; position: absolute; top: 0px; transform: translateZ(0); transition: opacity 250ms linear; width: 100%; will-change: opacity; opacity: 0;"
        />
      </picture>
      <noscript />
      <script
        type="module"
      >
        const t="undefined"!=typeof HTMLImageElement&&"loading"in HTMLImageElement.prototype;if(t){const t=document.querySelectorAll("img[data-main-image]");for(let e of t){e.dataset.src&&(e.setAttribute("src",e.dataset.src),e.removeAttribute("data-src")),e.dataset.srcset&&(e.setAttribute("srcset",e.dataset.srcset),e.removeAttribute("data-srcset"));const t=e.parentNode.querySelectorAll("source[data-srcset]");for(let e of t)e.setAttribute("srcset",e.dataset.srcset),e.removeAttribute("data-srcset");e.complete&&(e.style.opacity=1)}}
      </script>
    </div>
  </a>
  <a
    class="sc-gsnTZi flUqwp"
    href="/women/"
  >
    WOMEN
  </a>
  <a
    class="sc-gsnTZi flUqwp"
    href="/kids/"
  >
    KIDS
  </a>
</nav>
`;
