// Jest Snapshot v1, https://goo.gl/fbAQLP

exports[`SEO component matches snapshot 1`] = `null`;
