// Jest Snapshot v1, https://goo.gl/fbAQLP

exports[`Footer Component matches component 1`] = `
<footer
  class="sc-bdfBwQ eUkNkO"
>
  <nav
    class="sc-gsTCUz bClOqD"
  >
    <h5
      class="sc-jSgupP hSPQha"
    >
      Categories
    </h5>
    <a
      href="/"
    >
      About Us
    </a>
    <a
      href="/"
    >
      Clothing
    </a>
    <a
      href="/"
    >
      Home
    </a>
    <a
      href="/"
    >
      Accessories
    </a>
  </nav>
  <div
    class="sc-dlfnbm crRguJ"
  >
    <h5
      class="sc-jSgupP hSPQha"
    >
      Contact
    </h5>
    <address
      class="sc-gKsewC eDEVly"
    >
      StoreFront
      <br />
      555 Santa Monica Blvd.
      <br />
      Los Angeles, CA 90210
    </address>
    <address
      class="sc-gKsewC eDEVly"
    >
      <a
        href="mailto:howdy@storefront.com"
      >
        howdy@storefront.com
      </a>
    </address>
  </div>
  <div
    class="sc-hKgILt gUssEG"
  >
    <h5
      class="sc-jSgupP hSPQha"
    >
      Terms & Conditions
    </h5>
    <a
      href="/"
    >
      Returns
    </a>
  </div>
  <div
    class="sc-eCssSg fHHycj"
  >
    Â© StoreFront 
    2019
  </div>
</footer>
`;
