// Jest Snapshot v1, https://goo.gl/fbAQLP

exports[`Layout component should match snapshot 1`] = `
<div
  class="sc-crrsfI cKsulN"
>
  <header
    class="sc-dlfnbm edAUkJ"
  >
    <div>
      <button
        aria-controls="link-list"
        aria-expanded="false"
        aria-label="open navigation"
        class="sc-bdfBwQ fwZoWG"
        type="button"
      >
        <div />
        <div />
        <div />
      </button>
      <nav
        class="sc-gsTCUz eahIHO"
      >
        <a
          href="/"
        >
          About Us
        </a>
        <a
          href="/"
        >
          Clothing
        </a>
        <a
          href="/"
        >
          Home
        </a>
        <a
          href="/"
        >
          Accessories
        </a>
      </nav>
    </div>
    <div
      class="sc-hKgILt fEkVZL"
    >
      <h1
        class="sc-eCssSg iHXJeJ"
      >
        <a
          class="sc-jSgupP eywEqP"
          href="/"
        >
          StoreFront
        </a>
      </h1>
    </div>
  </header>
  <div
    class="sc-dQppl gYULKE"
  >
    <main
      class="sc-bqyKva kOAjrj"
    />
  </div>
  <footer
    class="sc-gKsewC fIoWJo"
  >
    <nav
      class="sc-iBPRYJ eeUOoZ"
    >
      <h5
        class="sc-kEjbxe iqwogK"
      >
        Categories
      </h5>
      <a
        href="/"
      >
        About Us
      </a>
      <a
        href="/"
      >
        Clothing
      </a>
      <a
        href="/"
      >
        Home
      </a>
      <a
        href="/"
      >
        Accessories
      </a>
    </nav>
    <div
      class="sc-fubCfw flkmPR"
    >
      <h5
        class="sc-kEjbxe iqwogK"
      >
        Contact
      </h5>
      <address
        class="sc-iqHYGH fZGVri"
      >
        StoreFront
        <br />
        555 Santa Monica Blvd.
        <br />
        Los Angeles, CA 90210
      </address>
      <address
        class="sc-iqHYGH fZGVri"
      >
        <a
          href="mailto:howdy@storefront.com"
        >
          howdy@storefront.com
        </a>
      </address>
    </div>
    <div
      class="sc-pFZIQ bQODGP"
    >
      <h5
        class="sc-kEjbxe iqwogK"
      >
        Terms & Conditions
      </h5>
      <a
        href="/"
      >
        Returns
      </a>
    </div>
    <div
      class="sc-jrAGrp kxXRxJ"
    >
      Â© StoreFront 
      2019
    </div>
  </footer>
</div>
`;
