// Jest Snapshot v1, https://goo.gl/fbAQLP

exports[`Pagination component matches snapshot 1`] = `
<div
  class="sc-bdfBwQ cgDhjj"
>
  <p>
    Page 
    1
     of 
    3
  </p>
  <a
    href="/TEST/2/"
  >
    <svg
      class="bi bi-chevron-right"
      fill="currentColor"
      height="14"
      viewBox="0 0 16 16"
      width="14"
      xmlns="http://www.w3.org/2000/svg"
    >
      <path
        d="M4.646 1.646a.5.5 0 0 1 .708 0l6 6a.5.5 0 0 1 0 .708l-6 6a.5.5 0 0 1-.708-.708L10.293 8 4.646 2.354a.5.5 0 0 1 0-.708z"
        fill-rule="evenodd"
      />
    </svg>
  </a>
</div>
`;
