// Jest Snapshot v1, https://goo.gl/fbAQLP

exports[`ImageGallery Component matches snapshot 1`] = `
<div
  class="sc-bdfBwQ bOsYoh"
>
  <ul
    class="sc-gsTCUz jxwfsg"
  >
    <li
      class="sc-dlfnbm"
    >
      <div
        class="gatsby-image-wrapper"
        data-gatsby-image-wrapper=""
        style="position: relative; overflow: hidden;"
      >
        <div
          aria-hidden="true"
          style="padding-top: 100%;"
        />
        <img
          alt=""
          aria-hidden="true"
          data-placeholder-image=""
          decoding="async"
          src="data:image/jpeg;base64,/9j/2wBDABALDA4MChAODQ4SERATGCgaGBYWGDEjJR0oOjM9PDkzODdASFxOQERXRTc4UG1RV19iZ2hnPk1xeXBkeFxlZ2P/2wBDARESEhgVGC8aGi9jQjhCY2NjY2NjY2NjY2NjY2NjY2NjY2NjY2NjY2NjY2NjY2NjY2NjY2NjY2NjY2NjY2NjY2P/wgARCAAUABQDASIAAhEBAxEB/8QAGAABAQEBAQAAAAAAAAAAAAAAAAQDBQL/xAAVAQEBAAAAAAAAAAAAAAAAAAACAf/aAAwDAQACEAMQAAABo5/qM3ZaNxlHOsAv/8QAGxAAAgMAAwAAAAAAAAAAAAAAAhEAAQMQMjP/2gAIAQEAAQUCNAZG+Nms1Z1Ow5etKf/EABcRAQADAAAAAAAAAAAAAAAAAAABEBH/2gAIAQMBAT8BYmv/xAAVEQEBAAAAAAAAAAAAAAAAAAAQAf/aAAgBAgEBPwEh/8QAGRAAAgMBAAAAAAAAAAAAAAAAAAEQITER/9oACAEBAAY/AmU6WQxdixGH/8QAHBABAAMAAgMAAAAAAAAAAAAAAQARITFRQXGB/9oACAEBAAE/IXc+4GAexFvZzo0GrKj8QZgMPIs6gqnJhwyf/9oADAMBAAIAAwAAABBg6AP/xAAYEQACAwAAAAAAAAAAAAAAAAABEBExQf/aAAgBAwEBPxCjCYX/xAAZEQACAwEAAAAAAAAAAAAAAAAAARARITH/2gAIAQIBAT8QWqzThx//xAAaEAEAAwEBAQAAAAAAAAAAAAABABEhMUFR/9oACAEBAAE/EHjoQXw9Zt3EBTGMhU2ZF4YEW35sIxq0nx8nAaNWAyzXA74cHfsrTdJZ2Gw7kOz/2Q=="
          style="height: 100%; left: 0px; position: absolute; top: 0px; width: 100%;"
        />
        <picture>
          <source
            srcset="/static/184dc14fc5e96a12c4f7c6ee0f71f32a/c65bc/pietsie-atlin-blouse.webp 150w,/static/184dc14fc5e96a12c4f7c6ee0f71f32a/078c3/pietsie-atlin-blouse.webp 300w,/static/184dc14fc5e96a12c4f7c6ee0f71f32a/6d09e/pietsie-atlin-blouse.webp 600w"
            type="image/webp"
          />
          <img
            alt=""
            data-gatsby-image-ssr=""
            data-main-image=""
            data-src="/static/184dc14fc5e96a12c4f7c6ee0f71f32a/a89ca/pietsie-atlin-blouse.jpg"
            data-srcset="/static/184dc14fc5e96a12c4f7c6ee0f71f32a/96deb/pietsie-atlin-blouse.jpg 150w,/static/184dc14fc5e96a12c4f7c6ee0f71f32a/0fdf4/pietsie-atlin-blouse.jpg 300w,/static/184dc14fc5e96a12c4f7c6ee0f71f32a/a89ca/pietsie-atlin-blouse.jpg 600w"
            decoding="async"
            loading="lazy"
            style="height: 100%; left: 0px; position: absolute; top: 0px; transform: translateZ(0); transition: opacity 250ms linear; width: 100%; will-change: opacity; opacity: 0;"
          />
        </picture>
        <noscript />
        <script
          type="module"
        >
          const t="undefined"!=typeof HTMLImageElement&&"loading"in HTMLImageElement.prototype;if(t){const t=document.querySelectorAll("img[data-main-image]");for(let e of t)e.dataset.src&&(e.setAttribute("src",e.dataset.src),e.removeAttribute("data-src")),e.dataset.srcset&&(e.setAttribute("srcset",e.dataset.srcset),e.removeAttribute("data-srcset")),e.complete&&(e.style.opacity=1)}
        </script>
      </div>
    </li>
    <li
      class="sc-dlfnbm"
    >
      <div
        class="gatsby-image-wrapper"
        data-gatsby-image-wrapper=""
        style="position: relative; overflow: hidden;"
      >
        <div
          aria-hidden="true"
          style="padding-top: 100%;"
        />
        <img
          alt=""
          aria-hidden="true"
          data-placeholder-image=""
          decoding="async"
          src="data:image/jpeg;base64,/9j/2wBDABALDA4MChAODQ4SERATGCgaGBYWGDEjJR0oOjM9PDkzODdASFxOQERXRTc4UG1RV19iZ2hnPk1xeXBkeFxlZ2P/2wBDARESEhgVGC8aGi9jQjhCY2NjY2NjY2NjY2NjY2NjY2NjY2NjY2NjY2NjY2NjY2NjY2NjY2NjY2NjY2NjY2NjY2P/wgARCAAUABQDASIAAhEBAxEB/8QAGAABAQEBAQAAAAAAAAAAAAAAAAQDBQL/xAAVAQEBAAAAAAAAAAAAAAAAAAACAf/aAAwDAQACEAMQAAABo5/qM3ZaNxlHOsAv/8QAGxAAAgMAAwAAAAAAAAAAAAAAAhEAAQMQMjP/2gAIAQEAAQUCNAZG+Nms1Z1Ow5etKf/EABcRAQADAAAAAAAAAAAAAAAAAAABEBH/2gAIAQMBAT8BYmv/xAAVEQEBAAAAAAAAAAAAAAAAAAAQAf/aAAgBAgEBPwEh/8QAGRAAAgMBAAAAAAAAAAAAAAAAAAEQITER/9oACAEBAAY/AmU6WQxdixGH/8QAHBABAAMAAgMAAAAAAAAAAAAAAQARITFRQXGB/9oACAEBAAE/IXc+4GAexFvZzo0GrKj8QZgMPIs6gqnJhwyf/9oADAMBAAIAAwAAABBg6AP/xAAYEQACAwAAAAAAAAAAAAAAAAABEBExQf/aAAgBAwEBPxCjCYX/xAAZEQACAwEAAAAAAAAAAAAAAAAAARARITH/2gAIAQIBAT8QWqzThx//xAAaEAEAAwEBAQAAAAAAAAAAAAABABEhMUFR/9oACAEBAAE/EHjoQXw9Zt3EBTGMhU2ZF4YEW35sIxq0nx8nAaNWAyzXA74cHfsrTdJZ2Gw7kOz/2Q=="
          style="height: 100%; left: 0px; position: absolute; top: 0px; width: 100%;"
        />
        <picture>
          <source
            srcset="/static/184dc14fc5e96a12c4f7c6ee0f71f32a/c65bc/pietsie-atlin-blouse.webp 150w,/static/184dc14fc5e96a12c4f7c6ee0f71f32a/078c3/pietsie-atlin-blouse.webp 300w,/static/184dc14fc5e96a12c4f7c6ee0f71f32a/6d09e/pietsie-atlin-blouse.webp 600w"
            type="image/webp"
          />
          <img
            alt=""
            data-gatsby-image-ssr=""
            data-main-image=""
            data-src="/static/184dc14fc5e96a12c4f7c6ee0f71f32a/a89ca/pietsie-atlin-blouse.jpg"
            data-srcset="/static/184dc14fc5e96a12c4f7c6ee0f71f32a/96deb/pietsie-atlin-blouse.jpg 150w,/static/184dc14fc5e96a12c4f7c6ee0f71f32a/0fdf4/pietsie-atlin-blouse.jpg 300w,/static/184dc14fc5e96a12c4f7c6ee0f71f32a/a89ca/pietsie-atlin-blouse.jpg 600w"
            decoding="async"
            loading="lazy"
            style="height: 100%; left: 0px; position: absolute; top: 0px; transform: translateZ(0); transition: opacity 250ms linear; width: 100%; will-change: opacity; opacity: 0;"
          />
        </picture>
        <noscript />
        <script
          type="module"
        >
          const t="undefined"!=typeof HTMLImageElement&&"loading"in HTMLImageElement.prototype;if(t){const t=document.querySelectorAll("img[data-main-image]");for(let e of t)e.dataset.src&&(e.setAttribute("src",e.dataset.src),e.removeAttribute("data-src")),e.dataset.srcset&&(e.setAttribute("srcset",e.dataset.srcset),e.removeAttribute("data-srcset")),e.complete&&(e.style.opacity=1)}
        </script>
      </div>
    </li>
  </ul>
</div>
`;
