// Jest Snapshot v1, https://goo.gl/fbAQLP

exports[`Thumbnail Component matches snapshot 1`] = `
<article
  class="sc-bczRLJ bIIyW"
>
  <a
    href="/haori-coat-in-washed-denim/"
  >
    <div
      class="gatsby-image-wrapper gatsby-image-wrapper-constrained"
      data-gatsby-image-wrapper=""
      style="position: relative; overflow: hidden; display: inline-block; vertical-align: top; height: 280px;"
    >
      <div
        style="max-width: 995px; display: block;"
      >
        <img
          alt=""
          aria-hidden="true"
          role="presentation"
          src="data:image/svg+xml;charset=utf-8,%3Csvg height='995' width='995' xmlns='http://www.w3.org/2000/svg' version='1.1'%3E%3C/svg%3E"
          style="max-width: 100%; display: block; position: static;"
        />
      </div>
      <div
        aria-hidden="true"
        data-placeholder-image=""
        style="height: 100%; left: 0px; position: absolute; top: 0px; width: 100%;"
      />
      <img
        alt="thumbnail"
        data-gatsby-image-ssr=""
        data-main-image=""
        data-src="/static/5e566884fdc0f35caf38e43e3d3b3faa/87640/image-1.webp"
        data-srcset="/static/5e566884fdc0f35caf38e43e3d3b3faa/dc55b/image-1.webp 249w,/static/5e566884fdc0f35caf38e43e3d3b3faa/525ed/image-1.webp 498w,/static/5e566884fdc0f35caf38e43e3d3b3faa/87640/image-1.webp 995w"
        decoding="async"
        loading="lazy"
        sizes="(min-width: 995px) 995px, 100vw"
        style="height: 100%; left: 0px; position: absolute; top: 0px; transform: translateZ(0); transition: opacity 250ms linear; width: 100%; will-change: opacity; object-fit: contain; opacity: 0;"
      />
      <noscript />
      <script
        type="module"
      >
        const t="undefined"!=typeof HTMLImageElement&&"loading"in HTMLImageElement.prototype;if(t){const t=document.querySelectorAll("img[data-main-image]");for(let e of t){e.dataset.src&&(e.setAttribute("src",e.dataset.src),e.removeAttribute("data-src")),e.dataset.srcset&&(e.setAttribute("srcset",e.dataset.srcset),e.removeAttribute("data-srcset"));const t=e.parentNode.querySelectorAll("source[data-srcset]");for(let e of t)e.setAttribute("srcset",e.dataset.srcset),e.removeAttribute("data-srcset");e.complete&&(e.style.opacity=1,e.parentNode.parentNode.querySelector("[data-placeholder-image]").style.opacity=0)}}
      </script>
    </div>
  </a>
  <div
    class="sc-eCYdqJ dPRCrd"
  >
    <h3
      class="sc-gsnTZi fcNkwz"
    >
      Haori Coat in Washed Denim
    </h3>
    <div
      class="sc-dkzDqf jPfPxC"
    >
      420.00
    </div>
  </div>
</article>
`;
